Archive member included because of file (symbol)

c:/program files (x86)/gnu tools arm embedded/4.9 2015q1/bin/../lib/gcc/arm-none-eabi/4.9.3/../../../../arm-none-eabi/lib/armv7e-m/fpu\libm.a(lib_a-s_floor.o)
                              ..\obj\datalogger.o (floor)
c:/program files (x86)/gnu tools arm embedded/4.9 2015q1/bin/../lib/gcc/arm-none-eabi/4.9.3/../../../../arm-none-eabi/lib/armv7e-m/fpu\libm.a(lib_a-w_log10.o)
                              ..\obj\datalogger.o (log10)
c:/program files (x86)/gnu tools arm embedded/4.9 2015q1/bin/../lib/gcc/arm-none-eabi/4.9.3/../../../../arm-none-eabi/lib/armv7e-m/fpu\libm.a(lib_a-w_pow.o)
                              ..\obj\datalogger.o (pow)
c:/program files (x86)/gnu tools arm embedded/4.9 2015q1/bin/../lib/gcc/arm-none-eabi/4.9.3/../../../../arm-none-eabi/lib/armv7e-m/fpu\libm.a(lib_a-wf_pow.o)
                              ..\obj\datalogger.o (powf)
c:/program files (x86)/gnu tools arm embedded/4.9 2015q1/bin/../lib/gcc/arm-none-eabi/4.9.3/../../../../arm-none-eabi/lib/armv7e-m/fpu\libm.a(lib_a-e_log10.o)
                              c:/program files (x86)/gnu tools arm embedded/4.9 2015q1/bin/../lib/gcc/arm-none-eabi/4.9.3/../../../../arm-none-eabi/lib/armv7e-m/fpu\libm.a(lib_a-w_log10.o) (__ieee754_log10)
c:/program files (x86)/gnu tools arm embedded/4.9 2015q1/bin/../lib/gcc/arm-none-eabi/4.9.3/../../../../arm-none-eabi/lib/armv7e-m/fpu\libm.a(lib_a-e_pow.o)
                              c:/program files (x86)/gnu tools arm embedded/4.9 2015q1/bin/../lib/gcc/arm-none-eabi/4.9.3/../../../../arm-none-eabi/lib/armv7e-m/fpu\libm.a(lib_a-w_pow.o) (__ieee754_pow)
c:/program files (x86)/gnu tools arm embedded/4.9 2015q1/bin/../lib/gcc/arm-none-eabi/4.9.3/../../../../arm-none-eabi/lib/armv7e-m/fpu\libm.a(lib_a-e_sqrt.o)
                              c:/program files (x86)/gnu tools arm embedded/4.9 2015q1/bin/../lib/gcc/arm-none-eabi/4.9.3/../../../../arm-none-eabi/lib/armv7e-m/fpu\libm.a(lib_a-e_pow.o) (__ieee754_sqrt)
c:/program files (x86)/gnu tools arm embedded/4.9 2015q1/bin/../lib/gcc/arm-none-eabi/4.9.3/../../../../arm-none-eabi/lib/armv7e-m/fpu\libm.a(lib_a-ef_pow.o)
                              c:/program files (x86)/gnu tools arm embedded/4.9 2015q1/bin/../lib/gcc/arm-none-eabi/4.9.3/../../../../arm-none-eabi/lib/armv7e-m/fpu\libm.a(lib_a-wf_pow.o) (__ieee754_powf)
c:/program files (x86)/gnu tools arm embedded/4.9 2015q1/bin/../lib/gcc/arm-none-eabi/4.9.3/../../../../arm-none-eabi/lib/armv7e-m/fpu\libm.a(lib_a-ef_sqrt.o)
                              c:/program files (x86)/gnu tools arm embedded/4.9 2015q1/bin/../lib/gcc/arm-none-eabi/4.9.3/../../../../arm-none-eabi/lib/armv7e-m/fpu\libm.a(lib_a-ef_pow.o) (__ieee754_sqrtf)
c:/program files (x86)/gnu tools arm embedded/4.9 2015q1/bin/../lib/gcc/arm-none-eabi/4.9.3/../../../../arm-none-eabi/lib/armv7e-m/fpu\libm.a(lib_a-s_fabs.o)
                              c:/program files (x86)/gnu tools arm embedded/4.9 2015q1/bin/../lib/gcc/arm-none-eabi/4.9.3/../../../../arm-none-eabi/lib/armv7e-m/fpu\libm.a(lib_a-e_pow.o) (fabs)
c:/program files (x86)/gnu tools arm embedded/4.9 2015q1/bin/../lib/gcc/arm-none-eabi/4.9.3/../../../../arm-none-eabi/lib/armv7e-m/fpu\libm.a(lib_a-s_finite.o)
                              c:/program files (x86)/gnu tools arm embedded/4.9 2015q1/bin/../lib/gcc/arm-none-eabi/4.9.3/../../../../arm-none-eabi/lib/armv7e-m/fpu\libm.a(lib_a-w_pow.o) (finite)
c:/program files (x86)/gnu tools arm embedded/4.9 2015q1/bin/../lib/gcc/arm-none-eabi/4.9.3/../../../../arm-none-eabi/lib/armv7e-m/fpu\libm.a(lib_a-s_fpclassify.o)
                              c:/program files (x86)/gnu tools arm embedded/4.9 2015q1/bin/../lib/gcc/arm-none-eabi/4.9.3/../../../../arm-none-eabi/lib/armv7e-m/fpu\libm.a(lib_a-w_log10.o) (__fpclassifyd)
c:/program files (x86)/gnu tools arm embedded/4.9 2015q1/bin/../lib/gcc/arm-none-eabi/4.9.3/../../../../arm-none-eabi/lib/armv7e-m/fpu\libm.a(lib_a-s_lib_ver.o)
                              c:/program files (x86)/gnu tools arm embedded/4.9 2015q1/bin/../lib/gcc/arm-none-eabi/4.9.3/../../../../arm-none-eabi/lib/armv7e-m/fpu\libm.a(lib_a-w_log10.o) (__fdlib_version)
c:/program files (x86)/gnu tools arm embedded/4.9 2015q1/bin/../lib/gcc/arm-none-eabi/4.9.3/../../../../arm-none-eabi/lib/armv7e-m/fpu\libm.a(lib_a-s_matherr.o)
                              c:/program files (x86)/gnu tools arm embedded/4.9 2015q1/bin/../lib/gcc/arm-none-eabi/4.9.3/../../../../arm-none-eabi/lib/armv7e-m/fpu\libm.a(lib_a-w_log10.o) (matherr)
c:/program files (x86)/gnu tools arm embedded/4.9 2015q1/bin/../lib/gcc/arm-none-eabi/4.9.3/../../../../arm-none-eabi/lib/armv7e-m/fpu\libm.a(lib_a-s_nan.o)
                              c:/program files (x86)/gnu tools arm embedded/4.9 2015q1/bin/../lib/gcc/arm-none-eabi/4.9.3/../../../../arm-none-eabi/lib/armv7e-m/fpu\libm.a(lib_a-w_log10.o) (nan)
[...]
Memory Configuration

Name             Origin             Length             Attributes
rom              0x00000000         0x00040000         xr
ram              0x20000000         0x00008000         xrw
*default*        0x00000000         0xffffffff

Linker script and memory map

                0x20008000                _eram = 0x20008000

.text           0x00000000     0x8158
 *(.isr_vector)
 .isr_vector    0x00000000      0x26c ..\obj\startup_Cortex_M4.o
                0x00000000                g_pfnVectors
 *(.text*)
 .text.delayMS  0x0000026c       0x14 ..\obj\delay.o
                0x0000026c                delayMS
 .text.delayUS  0x00000280       0x14 ..\obj\delay.o
                0x00000280                delayUS
 .text.InitClock
                0x00000294       0x3c ..\obj\datalogger.o
                0x00000294                InitClock
 .text.InitGPIO
                0x000002d0       0x78 ..\obj\datalogger.o
                0x000002d0                InitGPIO
 .text.InitGPIOInt
                0x00000348       0x30 ..\obj\datalogger.o
                0x00000348                InitGPIOInt
 .text.InitI2C3
                0x00000378       0x54 ..\obj\datalogger.o
                0x00000378                InitI2C3
 .text.InitSPI1
                0x000003cc       0xd0 ..\obj\datalogger.o
                0x000003cc                InitSPI1
 .text.Initialize
                0x0000049c       0x20 ..\obj\datalogger.o
                0x0000049c                Initialize
 .text.InitOneWire
                0x000004bc       0x20 ..\obj\datalogger.o
                0x000004bc                InitOneWire
 .text.I2CSend  0x000004dc       0xd8 ..\obj\datalogger.o
                0x000004dc                I2CSend
 .text.I2CReceive
                0x000005b4       0x68 ..\obj\datalogger.o
                0x000005b4                I2CReceive
 .text.dec2bcd  0x0000061c       0x1c ..\obj\datalogger.o
                0x0000061c                dec2bcd
 .text.SetTimeDate
                0x00000638       0x68 ..\obj\datalogger.o
                0x00000638                SetTimeDate
 .text.USBGetTG
                0x000006a0       0xc8 ..\obj\datalogger.o
                0x000006a0                USBGetTG
 .text.USBGetEv
                0x00000768       0xbc ..\obj\datalogger.o
                0x00000768                USBGetEv
 .text.USBreadHIH
                0x00000824       0xa4 ..\obj\datalogger.o
                0x00000824                USBreadHIH
 .text.OneWiregetROMs
                0x000008c8       0x30 ..\obj\datalogger.o
                0x000008c8                OneWiregetROMs
 .text.OneWireStartConvertion
                0x000008f8       0x1c ..\obj\datalogger.o
                0x000008f8                OneWireStartConvertion
 .text.USBOneWireGetTemp
                0x00000914       0x78 ..\obj\datalogger.o
                0x00000914                USBOneWireGetTemp
 .text.generateCRC
                0x0000098c       0x1c ..\obj\datalogger.o
                0x0000098c                generateCRC
 .text.USBSendLine
                0x000009a8      0x148 ..\obj\datalogger.o
                0x000009a8                USBSendLine
 .text.I2CMasterEnable
                0x00000af0        0xc ..\obj\i2c.o
                0x00000af0                I2CMasterEnable
 .text.I2CMasterInitExpClk
                0x00000afc       0x58 ..\obj\i2c.o
                0x00000afc                I2CMasterInitExpClk
 .text.I2CMasterSlaveAddrSet
                0x00000b54        0x8 ..\obj\i2c.o
                0x00000b54                I2CMasterSlaveAddrSet
 .text.I2CMasterBusy
                0x00000b5c        0x8 ..\obj\i2c.o
                0x00000b5c                I2CMasterBusy
 .text.I2CMasterControl
                0x00000b64        0x4 ..\obj\i2c.o
                0x00000b64                I2CMasterControl
 .text.I2CMasterDataPut
                0x00000b68        0x4 ..\obj\i2c.o
                0x00000b68                I2CMasterDataPut
 .text.I2CMasterDataGet
                0x00000b6c        0x4 ..\obj\i2c.o
                0x00000b6c                I2CMasterDataGet
 .text.USBDEP0StateTx
                0x00000b70       0x74 ..\obj\usbdenum.o
 .text.USBDGetConfiguration
                0x00000be4       0x38 ..\obj\usbdenum.o
 .text.USBDSetAddress
                0x00000c1c       0x24 ..\obj\usbdenum.o
 .text.USBDEP0StateTxConfig
                0x00000c40      0x168 ..\obj\usbdenum.o
 .text.USBDCDDeviceInfoInit
                0x00000da8       0x48 ..\obj\usbdenum.o
                0x00000da8                USBDCDDeviceInfoInit
 .text.USBDCDInit
                0x00000df0      0x174 ..\obj\usbdenum.o
                0x00000df0                USBDCDInit
 .text.USBDCDTerm
                0x00000f64       0x58 ..\obj\usbdenum.o
                0x00000f64                USBDCDTerm
 .text.USBDCDRequestDataEP0
                0x00000fbc       0x14 ..\obj\usbdenum.o
                0x00000fbc                USBDCDRequestDataEP0
 .text.USBDCDSendDataEP0
                0x00000fd0       0x18 ..\obj\usbdenum.o
                0x00000fd0                USBDCDSendDataEP0
 .text.USBDCDStallEP0
                0x00000fe8       0x1c ..\obj\usbdenum.o
                0x00000fe8                USBDCDStallEP0
 .text.USBDReadAndDispatchRequest
                0x00001004       0x7c ..\obj\usbdenum.o
 .text.USBDSyncFrame
                0x00001080       0x18 ..\obj\usbdenum.o
 .text.USBDSetInterface
                0x00001098       0xa8 ..\obj\usbdenum.o
 .text.USBDGetInterface
                0x00001140       0x50 ..\obj\usbdenum.o
 .text.USBDSetConfiguration
                0x00001190       0x90 ..\obj\usbdenum.o
 .text.USBDSetDescriptor
                0x00001220       0x18 ..\obj\usbdenum.o
 .text.USBDGetDescriptor
                0x00001238      0x130 ..\obj\usbdenum.o
 .text.USBDSetFeature
                0x00001368       0x84 ..\obj\usbdenum.o
 .text.USBDClearFeature
                0x000013ec       0x9c ..\obj\usbdenum.o
 .text.USBDGetStatus
                0x00001488       0x88 ..\obj\usbdenum.o
 .text.USBDCDFeatureGet
                0x00001510       0x18 ..\obj\usbdenum.o
                0x00001510                USBDCDFeatureGet
 .text.USBDeviceResumeTickHandler
                0x00001528       0x54 ..\obj\usbdenum.o
                0x00001528                USBDeviceResumeTickHandler
 .text.USBDeviceEnumHandler
                0x0000157c       0xec ..\obj\usbdenum.o
                0x0000157c                USBDeviceEnumHandler
 .text.USBDeviceEnumResetHandler
                0x00001668       0x48 ..\obj\usbdenum.o
                0x00001668                USBDeviceEnumResetHandler
 .text.USBDeviceIntHandlerInternal
                0x000016b0      0x15c ..\obj\usbdenum.o
                0x000016b0                USBDeviceIntHandlerInternal
 .text.NextConfigDescGet
                0x0000180c       0x38 ..\obj\usbdcdesc.o
 .text.USBDCDConfigDescGetSize
                0x00001844       0x20 ..\obj\usbdcdesc.o
                0x00001844                USBDCDConfigDescGetSize
 .text.USBDCDConfigDescGetNum
                0x00001864       0x30 ..\obj\usbdcdesc.o
                0x00001864                USBDCDConfigDescGetNum
 .text.USBDCDConfigDescGet
                0x00001894       0x60 ..\obj\usbdcdesc.o
                0x00001894                USBDCDConfigDescGet
 .text.USBDCDConfigGetInterface
                0x000018f4       0x64 ..\obj\usbdcdesc.o
                0x000018f4                USBDCDConfigGetInterface
 .text.USBDCDConfigGetInterfaceEndpoint
                0x00001958       0x44 ..\obj\usbdcdesc.o
                0x00001958                USBDCDConfigGetInterfaceEndpoint
 .text._TimerIntNumberGet
                0x0000199c       0x68 ..\obj\timer.o
 .text.TimerEnable
                0x00001a04       0x10 ..\obj\timer.o
                0x00001a04                TimerEnable
 .text.TimerConfigure
                0x00001a14       0x64 ..\obj\timer.o
                0x00001a14                TimerConfigure
 .text.TimerLoadSet
                0x00001a78       0x14 ..\obj\timer.o
                0x00001a78                TimerLoadSet
 .text.TimerIntRegister
                0x00001a8c       0x18 ..\obj\timer.o
                0x00001a8c                TimerIntRegister
 .text.TimerIntEnable
                0x00001aa4        0x8 ..\obj\timer.o
                0x00001aa4                TimerIntEnable
 .text.TimerIntDisable
                0x00001aac        0xc ..\obj\timer.o
                0x00001aac                TimerIntDisable
 .text.TimerIntStatus
                0x00001ab8        0xc ..\obj\timer.o
                0x00001ab8                TimerIntStatus
 .text.TimerIntClear
                0x00001ac4        0x4 ..\obj\timer.o
                0x00001ac4                TimerIntClear
 .text.GetEPDescriptorType
                0x00001ac8       0x50 ..\obj\usbdconfig.o
 .text.USBDeviceConfig
                0x00001b18      0x1a0 ..\obj\usbdconfig.o
                0x00001b18                USBDeviceConfig
 .text.USBDeviceConfigAlternate
                0x00001cb8       0x94 ..\obj\usbdconfig.o
                0x00001cb8                USBDeviceConfigAlternate
 .text.ScheduleNextTransmission
                0x00001d4c       0x94 ..\obj\usbbuffer.o
 .text.USBBufferInit
                0x00001de0       0x18 ..\obj\usbbuffer.o
                0x00001de0                USBBufferInit
 .text.USBBufferWrite
                0x00001df8       0x30 ..\obj\usbbuffer.o
                0x00001df8                USBBufferWrite
 .text.USBBufferFlush
                0x00001e28        0xc ..\obj\usbbuffer.o
                0x00001e28                USBBufferFlush
 .text.USBBufferRead
                0x00001e34       0x28 ..\obj\usbbuffer.o
                0x00001e34                USBBufferRead
 .text.USBBufferEventCallback
                0x00001e5c      0x150 ..\obj\usbbuffer.o
                0x00001e5c                USBBufferEventCallback
 .text.USBStackModeSet
                0x00001fac       0x20 ..\obj\usbmode.o
                0x00001fac                USBStackModeSet
 .text.ULPIConfigSet
                0x00001fcc       0x54 ..\obj\usbulpi.o
                0x00001fcc                ULPIConfigSet
 .text.uDMAUSBChannelStatus
                0x00002020       0x24 ..\obj\usbdma.o
 .text.DMAUSBIntStatusClear
                0x00002044       0x10 ..\obj\usbdma.o
 .text.DMAUSBIntHandler
                0x00002054       0x38 ..\obj\usbdma.o
 .text.uDMAUSBChannelIntEnable
                0x0000208c        0x4 ..\obj\usbdma.o
 .text.uDMAUSBChannelIntDisable
                0x00002090        0x4 ..\obj\usbdma.o
 .text.iDMAUSBUnitSizeSet
                0x00002094        0x4 ..\obj\usbdma.o
 .text.iDMAUSBArbSizeSet
                0x00002098        0x4 ..\obj\usbdma.o
 .text.DMAUSBStatus
                0x0000209c        0x4 ..\obj\usbdma.o
 .text.iDMAUSBChannelRelease
                0x000020a0       0x3c ..\obj\usbdma.o
 .text.iDMAUSBChannelAllocate
                0x000020dc       0x94 ..\obj\usbdma.o
 .text.iDMAUSBChannelDisable
                0x00002170       0x34 ..\obj\usbdma.o
 .text.iDMAUSBChannelIntDisable
                0x000021a4        0xc ..\obj\usbdma.o
 .text.iDMAUSBChannelIntEnable
                0x000021b0        0xc ..\obj\usbdma.o
 .text.iDMAUSBChannelEnable
                0x000021bc       0x4c ..\obj\usbdma.o
 .text.iDMAUSBTransfer
                0x00002208      0x118 ..\obj\usbdma.o
 .text.iDMAUSBIntStatus
                0x00002320        0xc ..\obj\usbdma.o
 .text.iDMAUSBChannelStatus
                0x0000232c       0x38 ..\obj\usbdma.o
 .text.uDMAUSBUnitSizeSet
                0x00002364       0x70 ..\obj\usbdma.o
 .text.uDMAUSBArbSizeSet
                0x000023d4       0x6c ..\obj\usbdma.o
 .text.uDMAUSBIntStatus
                0x00002440       0x30 ..\obj\usbdma.o
 .text.uDMAUSBChannelRelease
                0x00002470       0x58 ..\obj\usbdma.o
 .text.uDMAUSBChannelEnable
                0x000024c8       0x68 ..\obj\usbdma.o
 .text.uDMAUSBTransfer
                0x00002530       0xc8 ..\obj\usbdma.o
 .text.uDMAUSBChannelDisable
                0x000025f8       0x4c ..\obj\usbdma.o
 .text.uDMAUSBChannelAllocate
                0x00002644       0xdc ..\obj\usbdma.o
 .text.USBLibDMAInit
                0x00002720      0x174 ..\obj\usbdma.o
                0x00002720                USBLibDMAInit
 .text.FPULazyStackingEnable
                0x00002894       0x10 ..\obj\fpu.o
                0x00002894                FPULazyStackingEnable
 .text.InternalUSBTickInit
                0x000028a4       0x30 ..\obj\usbtick.o
                0x000028a4                InternalUSBTickInit
 .text.InternalUSBTickReset
                0x000028d4        0xc ..\obj\usbtick.o
                0x000028d4                InternalUSBTickReset
 .text.InternalUSBRegisterTickHandler
                0x000028e0       0x44 ..\obj\usbtick.o
                0x000028e0                InternalUSBRegisterTickHandler
 .text.InternalUSBStartOfFrameTick
                0x00002924       0x34 ..\obj\usbtick.o
                0x00002924                InternalUSBStartOfFrameTick
 .text.main     0x00002958       0x94 ..\obj\main.o
                0x00002958                main
 .text.GPIOPortC_IRQHandler
                0x000029ec       0xf4 ..\obj\main.o
                0x000029ec                GPIOPortC_IRQHandler
 .text.SysCtlPeripheralReady
                0x00002ae0       0x28 ..\obj\sysctl.o
                0x00002ae0                SysCtlPeripheralReady
 .text.SysCtlPeripheralReset
                0x00002b08       0x40 ..\obj\sysctl.o
                0x00002b08                SysCtlPeripheralReset
 .text.SysCtlPeripheralEnable
                0x00002b48       0x24 ..\obj\sysctl.o
                0x00002b48                SysCtlPeripheralEnable
 .text.SysCtlPeripheralDisable
                0x00002b6c       0x24 ..\obj\sysctl.o
                0x00002b6c                SysCtlPeripheralDisable
 .text.SysCtlDelay
                0x00002b90        0x8 ..\obj\sysctl.o
                0x00002b90                SysCtlDelay
 .text.SysCtlClockSet
                0x00002b98      0x134 ..\obj\sysctl.o
                0x00002b98                SysCtlClockSet
 .text.SysCtlClockGet
                0x00002ccc      0x190 ..\obj\sysctl.o
                0x00002ccc                SysCtlClockGet
 .text.SysCtlUSBPLLEnable
                0x00002e5c       0x10 ..\obj\sysctl.o
                0x00002e5c                SysCtlUSBPLLEnable
 .text.SysCtlUSBPLLDisable
                0x00002e6c       0x10 ..\obj\sysctl.o
                0x00002e6c                SysCtlUSBPLLDisable
 .text.USBHostResume
                0x00002e7c       0x18 ..\obj\usb.o
                0x00002e7c                USBHostResume
 .text.USBIntDisableControl
                0x00002e94       0x2c ..\obj\usb.o
                0x00002e94                USBIntDisableControl
 .text.USBIntEnableControl
                0x00002ec0       0x2c ..\obj\usb.o
                0x00002ec0                USBIntEnableControl
 .text.USBIntStatusControl
                0x00002eec       0x40 ..\obj\usb.o
                0x00002eec                USBIntStatusControl
 .text.USBIntDisableEndpoint
                0x00002f2c       0x1c ..\obj\usb.o
                0x00002f2c                USBIntDisableEndpoint
 .text.USBIntEnableEndpoint
                0x00002f48       0x18 ..\obj\usb.o
                0x00002f48                USBIntEnableEndpoint
 .text.USBIntStatusEndpoint
                0x00002f60        0xc ..\obj\usb.o
                0x00002f60                USBIntStatusEndpoint
 .text.USBEndpointStatus
                0x00002f6c       0x14 ..\obj\usb.o
                0x00002f6c                USBEndpointStatus
 .text.USBDevEndpointStatusClear
                0x00002f80       0x60 ..\obj\usb.o
                0x00002f80                USBDevEndpointStatusClear
 .text.USBDevEndpointStall
                0x00002fe0       0x34 ..\obj\usb.o
                0x00002fe0                USBDevEndpointStall
 .text.USBDevEndpointStallClear
                0x00003014       0x44 ..\obj\usb.o
                0x00003014                USBDevEndpointStallClear
 .text.USBDevConnect
                0x00003058        0xc ..\obj\usb.o
                0x00003058                USBDevConnect
 .text.USBDevDisconnect
                0x00003064        0xc ..\obj\usb.o
                0x00003064                USBDevDisconnect
 .text.USBDevAddrSet
                0x00003070        0x8 ..\obj\usb.o
                0x00003070                USBDevAddrSet
 .text.USBDevEndpointConfigSet
                0x00003078       0x90 ..\obj\usb.o
                0x00003078                USBDevEndpointConfigSet
 .text.USBFIFOConfigSet
                0x00003108       0x58 ..\obj\usb.o
                0x00003108                USBFIFOConfigSet
 .text.USBEndpointDMAConfigSet
                0x00003160       0x58 ..\obj\usb.o
                0x00003160                USBEndpointDMAConfigSet
 .text.USBEndpointDMAEnable
                0x000031b8       0x24 ..\obj\usb.o
                0x000031b8                USBEndpointDMAEnable
 .text.USBEndpointDMADisable
                0x000031dc       0x24 ..\obj\usb.o
                0x000031dc                USBEndpointDMADisable
 .text.USBEndpointDataAvail
                0x00003200       0x24 ..\obj\usb.o
                0x00003200                USBEndpointDataAvail
 .text.USBEndpointDataGet
                0x00003224       0x54 ..\obj\usb.o
                0x00003224                USBEndpointDataGet
 .text.USBDevEndpointDataAck
                0x00003278       0x20 ..\obj\usb.o
                0x00003278                USBDevEndpointDataAck
 .text.USBEndpointDataPut
                0x00003298       0x38 ..\obj\usb.o
                0x00003298                USBEndpointDataPut
 .text.USBEndpointDataSend
                0x000032d0       0x3c ..\obj\usb.o
                0x000032d0                USBEndpointDataSend
 .text.USBFIFOAddrGet
                0x0000330c        0x8 ..\obj\usb.o
                0x0000330c                USBFIFOAddrGet
 .text.USBEndpointDMAChannel
                0x00003314       0x20 ..\obj\usb.o
                0x00003314                USBEndpointDMAChannel
 .text.USBDevMode
                0x00003334        0x8 ..\obj\usb.o
                0x00003334                USBDevMode
 .text.USBOTGMode
                0x0000333c        0x8 ..\obj\usb.o
                0x0000333c                USBOTGMode
 .text.USBEndpointPacketCountSet
                0x00003344       0x14 ..\obj\usb.o
                0x00003344                USBEndpointPacketCountSet
 .text.USBControllerVersion
                0x00003358        0xc ..\obj\usb.o
                0x00003358                USBControllerVersion
 .text.USBClockEnable
                0x00003364        0xc ..\obj\usb.o
                0x00003364                USBClockEnable
 .text.USBDMAChannelIntEnable
                0x00003370       0x10 ..\obj\usb.o
                0x00003370                USBDMAChannelIntEnable
 .text.USBDMAChannelIntDisable
                0x00003380       0x10 ..\obj\usb.o
                0x00003380                USBDMAChannelIntDisable
 .text.USBDMAChannelIntStatus
                0x00003390        0x8 ..\obj\usb.o
                0x00003390                USBDMAChannelIntStatus
 .text.USBDMAChannelEnable
                0x00003398       0x10 ..\obj\usb.o
                0x00003398                USBDMAChannelEnable
 .text.USBDMAChannelDisable
                0x000033a8       0x10 ..\obj\usb.o
                0x000033a8                USBDMAChannelDisable
 .text.USBDMAChannelConfigSet
                0x000033b8       0x18 ..\obj\usb.o
                0x000033b8                USBDMAChannelConfigSet
 .text.USBDMAChannelStatus
                0x000033d0       0x10 ..\obj\usb.o
                0x000033d0                USBDMAChannelStatus
 .text.USBDMAChannelAddressSet
                0x000033e0        0xc ..\obj\usb.o
                0x000033e0                USBDMAChannelAddressSet
 .text.USBDMAChannelCountSet
                0x000033ec        0xc ..\obj\usb.o
                0x000033ec                USBDMAChannelCountSet
 .text.USBULPIEnable
                0x000033f8       0x10 ..\obj\usb.o
                0x000033f8                USBULPIEnable
 .text.USBULPIDisable
                0x00003408       0x10 ..\obj\usb.o
                0x00003408                USBULPIDisable
 .text.USBULPIRegRead
                0x00003418       0x24 ..\obj\usb.o
                0x00003418                USBULPIRegRead
 .text.USBULPIRegWrite
                0x0000343c       0x24 ..\obj\usb.o
                0x0000343c                USBULPIRegWrite
 .text.USBDevLPMConfig
                0x00003460        0x8 ..\obj\usb.o
                0x00003460                USBDevLPMConfig
 .text.USBDevLPMEnable
                0x00003468       0x10 ..\obj\usb.o
                0x00003468                USBDevLPMEnable
 .text.USBDevLPMDisable
                0x00003478       0x10 ..\obj\usb.o
                0x00003478                USBDevLPMDisable
 .text.USBLPMIntStatus
                0x00003488        0x8 ..\obj\usb.o
                0x00003488                USBLPMIntStatus
 .text.USBLPMIntEnable
                0x00003490       0x10 ..\obj\usb.o
                0x00003490                USBLPMIntEnable
 .text.USB0DeviceIntHandler
                0x000034a0       0x18 ..\obj\usbdhandler.o
                0x000034a0                USB0DeviceIntHandler
 .text.GPIODirModeSet
                0x000034b8       0x34 ..\obj\gpio.o
                0x000034b8                GPIODirModeSet
 .text.GPIOIntTypeSet
                0x000034ec       0x60 ..\obj\gpio.o
                0x000034ec                GPIOIntTypeSet
 .text.GPIOPadConfigSet
                0x0000354c      0x144 ..\obj\gpio.o
                0x0000354c                GPIOPadConfigSet
 .text.GPIOIntEnable
                0x00003690        0xc ..\obj\gpio.o
                0x00003690                GPIOIntEnable
 .text.GPIOIntStatus
                0x0000369c       0x10 ..\obj\gpio.o
                0x0000369c                GPIOIntStatus
 .text.GPIOIntClear
                0x000036ac        0x8 ..\obj\gpio.o
                0x000036ac                GPIOIntClear
 .text.GPIOPinRead
                0x000036b4        0x8 ..\obj\gpio.o
                0x000036b4                GPIOPinRead
 .text.GPIOPinWrite
                0x000036bc        0x8 ..\obj\gpio.o
                0x000036bc                GPIOPinWrite
 .text.GPIOPinTypeGPIOInput
                0x000036c4       0x1c ..\obj\gpio.o
                0x000036c4                GPIOPinTypeGPIOInput
 .text.GPIOPinTypeGPIOOutput
                0x000036e0       0x1c ..\obj\gpio.o
                0x000036e0                GPIOPinTypeGPIOOutput
 .text.GPIOPinTypeI2C
                0x000036fc       0x1c ..\obj\gpio.o
                0x000036fc                GPIOPinTypeI2C
 .text.GPIOPinTypeI2CSCL
                0x00003718       0x1c ..\obj\gpio.o
                0x00003718                GPIOPinTypeI2CSCL
 .text.GPIOPinTypeSSI
                0x00003734       0x1c ..\obj\gpio.o
                0x00003734                GPIOPinTypeSSI
 .text.GPIOPinTypeUSBAnalog
                0x00003750       0x1c ..\obj\gpio.o
                0x00003750                GPIOPinTypeUSBAnalog
 .text.GPIOPinConfigure
                0x0000376c       0x4c ..\obj\gpio.o
                0x0000376c                GPIOPinConfigure
 .text.ControlHandler
                0x000037b8       0x80 ..\obj\usbserial.o
                0x000037b8                ControlHandler
 .text.TxHandler
                0x00003838        0x4 ..\obj\usbserial.o
                0x00003838                TxHandler
 .text.RxHandler
                0x0000383c       0x34 ..\obj\usbserial.o
                0x0000383c                RxHandler
 .text.USBSerialInit
                0x00003870       0x44 ..\obj\usbserial.o
                0x00003870                USBSerialInit
 .text.USBSerialKaput
                0x000038b4       0x14 ..\obj\usbserial.o
                0x000038b4                USBSerialKaput
 .text.USBSerialSend
                0x000038c8       0x14 ..\obj\usbserial.o
                0x000038c8                USBSerialSend
 .text.IntMasterEnable
                0x000038dc       0x10 ..\obj\interrupt.o
                0x000038dc                IntMasterEnable
 .text.IntMasterDisable
                0x000038ec       0x10 ..\obj\interrupt.o
                0x000038ec                IntMasterDisable
 .text.IntRegister
                0x000038fc       0x38 ..\obj\interrupt.o
                0x000038fc                IntRegister
 .text.IntEnable
                0x00003934       0x6c ..\obj\interrupt.o
                0x00003934                IntEnable
 .text.IntDisable
                0x000039a0       0x6c ..\obj\interrupt.o
                0x000039a0                IntDisable
 .text.IntIsEnabled
                0x00003a0c       0x6c ..\obj\interrupt.o
                0x00003a0c                IntIsEnabled
 .text.SSIConfigSetExpClk
                0x00003a78       0x40 ..\obj\ssi.o
                0x00003a78                SSIConfigSetExpClk
 .text.SSIEnable
                0x00003ab8        0xc ..\obj\ssi.o
                0x00003ab8                SSIEnable
 .text.SSIDataPutNonBlocking
                0x00003ac4       0x10 ..\obj\ssi.o
                0x00003ac4                SSIDataPutNonBlocking
 .text.SSIDataGet
                0x00003ad4       0x10 ..\obj\ssi.o
                0x00003ad4                SSIDataGet
 .text.SSIClockSourceSet
                0x00003ae4        0x8 ..\obj\ssi.o
                0x00003ae4                SSIClockSourceSet
 .text.timmerISR
                0x00003aec       0x24 ..\obj\oneWire.o
 .text.timerInit
                0x00003b10       0x80 ..\obj\oneWire.o
                0x00003b10                timerInit
 .text.oneWireInit
                0x00003b90       0x28 ..\obj\oneWire.o
                0x00003b90                oneWireInit
 .text.oneWireResetPulse
                0x00003bb8      0x26c ..\obj\oneWire.o
                0x00003bb8                oneWireResetPulse
 .text.oneWireConvertTemp
                0x00003e24      0x5ac ..\obj\oneWire.o
                0x00003e24                oneWireConvertTemp
 .text.oneWireReadMem
                0x000043d0      0x5ec ..\obj\oneWire.o
                0x000043d0                oneWireReadMem
 .text.oneWireSkipRom
                0x000049bc      0x354 ..\obj\oneWire.o
                0x000049bc                oneWireSkipRom
 .text.oneWireSelectDev
                0x00004d10      0x6a4 ..\obj\oneWire.o
                0x00004d10                oneWireSelectDev
 .text.oneWireSearchInit
                0x000053b4       0x38 ..\obj\oneWire.o
                0x000053b4                oneWireSearchInit
 .text.oneWireSearchDev
                0x000053ec     0x1914 ..\obj\oneWire.o
                0x000053ec                oneWireSearchDev
 .text.oneWireValidatePkg
                0x00006d00       0x50 ..\obj\oneWire.o
                0x00006d00                oneWireValidatePkg
 .text.SetDeferredOpFlag
                0x00006d50       0x18 ..\obj\usbdcdc.o
 .text.DeviceConsumedAllData
                0x00006d68       0x18 ..\obj\usbdcdc.o
 .text.SendBreak
                0x00006d80       0x38 ..\obj\usbdcdc.o
 .text.SendLineCodingChange
                0x00006db8       0x20 ..\obj\usbdcdc.o
 .text.SendLineStateChange
                0x00006dd8       0x20 ..\obj\usbdcdc.o
 .text.HandleConfigChange
                0x00006df8       0x34 ..\obj\usbdcdc.o
 .text.HandleDevice
                0x00006e2c       0xa4 ..\obj\usbdcdc.o
 .text.HandleDisconnect
                0x00006ed0       0x24 ..\obj\usbdcdc.o
 .text.HandleSuspend
                0x00006ef4       0x10 ..\obj\usbdcdc.o
 .text.HandleResume
                0x00006f04       0x10 ..\obj\usbdcdc.o
 .text.HandleEP0Data
                0x00006f14       0x58 ..\obj\usbdcdc.o
 .text.HandleRequests
                0x00006f6c      0x168 ..\obj\usbdcdc.o
 .text.CDCTickHandler
                0x000070d4       0xac ..\obj\usbdcdc.o
 .text.SendSerialState
                0x00007180       0x94 ..\obj\usbdcdc.o
 .text.ProcessDataFromHost
                0x00007214       0x74 ..\obj\usbdcdc.o
                0x00007214                ProcessDataFromHost
 .text.ProcessNotificationToHost
                0x00007288       0x34 ..\obj\usbdcdc.o
                0x00007288                ProcessNotificationToHost
 .text.ProcessDataToHost
                0x000072bc       0x60 ..\obj\usbdcdc.o
                0x000072bc                ProcessDataToHost
 .text.HandleEndpoints
                0x0000731c       0x48 ..\obj\usbdcdc.o
 .text.USBDCDCCompositeInit
                0x00007364      0x10c ..\obj\usbdcdc.o
                0x00007364                USBDCDCCompositeInit
 .text.USBDCDCInit
                0x00007470       0x48 ..\obj\usbdcdc.o
                0x00007470                USBDCDCInit
 .text.USBDCDCTerm
                0x000074b8       0x10 ..\obj\usbdcdc.o
                0x000074b8                USBDCDCTerm
 .text.USBDCDCPacketWrite
                0x000074c8       0x70 ..\obj\usbdcdc.o
                0x000074c8                USBDCDCPacketWrite
 .text.USBDCDCPacketRead
                0x00007538       0x9c ..\obj\usbdcdc.o
                0x00007538                USBDCDCPacketRead
 .text.USBDCDCTxPacketAvailable
                0x000075d4       0x18 ..\obj\usbdcdc.o
                0x000075d4                USBDCDCTxPacketAvailable
 .text.USBDCDCRxPacketAvailable
                0x000075ec       0x40 ..\obj\usbdcdc.o
                0x000075ec                USBDCDCRxPacketAvailable
 .text.UpdateIndexAtomic
                0x0000762c       0x2c ..\obj\usbringbuf.o
 .text.USBRingBufFlush
                0x00007658       0x14 ..\obj\usbringbuf.o
                0x00007658                USBRingBufFlush
 .text.USBRingBufUsed
                0x0000766c       0x14 ..\obj\usbringbuf.o
                0x0000766c                USBRingBufUsed
 .text.USBRingBufFree
                0x00007680       0x10 ..\obj\usbringbuf.o
                0x00007680                USBRingBufFree
 .text.USBRingBufContigUsed
                0x00007690       0x10 ..\obj\usbringbuf.o
                0x00007690                USBRingBufContigUsed
 .text.USBRingBufContigFree
                0x000076a0       0x1c ..\obj\usbringbuf.o
                0x000076a0                USBRingBufContigFree
 .text.USBRingBufReadOne
                0x000076bc       0x18 ..\obj\usbringbuf.o
                0x000076bc                USBRingBufReadOne
 .text.USBRingBufRead
                0x000076d4       0x20 ..\obj\usbringbuf.o
                0x000076d4                USBRingBufRead
 .text.USBRingBufAdvanceRead
                0x000076f4       0x20 ..\obj\usbringbuf.o
                0x000076f4                USBRingBufAdvanceRead
 .text.USBRingBufAdvanceWrite
                0x00007714       0x38 ..\obj\usbringbuf.o
                0x00007714                USBRingBufAdvanceWrite
 .text.USBRingBufWriteOne
                0x0000774c       0x18 ..\obj\usbringbuf.o
                0x0000774c                USBRingBufWriteOne
 .text.USBRingBufWrite
                0x00007764       0x20 ..\obj\usbringbuf.o
                0x00007764                USBRingBufWrite
 .text.USBRingBufInit
                0x00007784        0xc ..\obj\usbringbuf.o
                0x00007784                USBRingBufInit
 .text.Default_Handler
                0x00007790        0x4 ..\obj\startup_Cortex_M4.o
                0x00007790                PECI0_IRQHandler
                0x00007790                GPIOPortP4_IRQHandler
                0x00007790                PWM1Gen3_IRQHandler
                0x00007790                DebugMon_Handler
                0x00007790                QEI2_IRQHandler
                0x00007790                FlashCtrl_IRQHandler
                0x00007790                GPIOPortP7_IRQHandler
                0x00007790                Timer0B_IRQHandler
                0x00007790                I2C0_IRQHandler
                0x00007790                HardFault_Handler
                0x00007790                SysTick_Handler
                0x00007790                PendSV_Handler
                0x00007790                NMI_Handler
                0x00007790                I2C1_IRQHandler
                0x00007790                GPIOPortP5_IRQHandler
                0x00007790                PWMGen0_IRQHandler
                0x00007790                UART1_IRQHandler
                0x00007790                CAN1_IRQHandler
                0x00007790                Timer1B_IRQHandler
                0x00007790                WTimer5A_IRQHandler
                0x00007790                Watchdog_IRQHandler
                0x00007790                GPIOPortS_IRQHandler
                0x00007790                GPIOPortQ7_IRQHandler
                0x00007790                PWM1Gen2_IRQHandler
                0x00007790                UART0_IRQHandler
                0x00007790                GPIOPortL_IRQHandler
                0x00007790                SSI0_IRQHandler
                0x00007790                GPIOPortM_IRQHandler
                0x00007790                FPU_IRQHandler
                0x00007790                UsageFault_Handler
                0x00007790                ADCSeq1_IRQHandler
                0x00007790                GPIOPortP0_IRQHandler
                0x00007790                LPC0_IRQHandler
                0x00007790                PWMFault_IRQHandler
                0x00007790                I2C5_IRQHandler
                0x00007790                I2C4_IRQHandler
                0x00007790                GPIOPortQ5_IRQHandler
                0x00007790                PWMGen1_IRQHandler
                0x00007790                SSI1_IRQHandler
                0x00007790                I2C2_IRQHandler
                0x00007790                uDMA_IRQHandler
                0x00007790                UART5_IRQHandler
                0x00007790                WTimer5B_IRQHandler
                0x00007790                GPIOPortK_IRQHandler
                0x00007790                ADCSeq2_IRQHandler
                0x00007790                PWMGen2_IRQHandler
                0x00007790                UART2_IRQHandler
                0x00007790                GPIOPortP3_IRQHandler
                0x00007790                ADC1Seq0_IRQHandler
                0x00007790                UART4_IRQHandler
                0x00007790                GPIOPortJ_IRQHandler
                0x00007790                WTimer2B_IRQHandler
                0x00007790                Timer5A_IRQHandler
                0x00007790                WTimer0A_IRQHandler
                0x00007790                Timer4A_IRQHandler
                0x00007790                WTimer1A_IRQHandler
                0x00007790                uDMAErr_IRQHandler
                0x00007790                QEI1_IRQHandler
                0x00007790                PWM1Fault_IRQHandler
                0x00007790                GPIOPortP6_IRQHandler
                0x00007790                WTimer3A_IRQHandler
                0x00007790                QEI0_IRQHandler
                0x00007790                WTimer1B_IRQHandler
                0x00007790                ADC1Seq2_IRQHandler
                0x00007790                ADC1Seq1_IRQHandler
                0x00007790                PWMGen3_IRQHandler
                0x00007790                GPIOPortD_IRQHandler
                0x00007790                USB0_IRQHandler
                0x00007790                I2C3_IRQHandler
                0x00007790                WTimer0B_IRQHandler
                0x00007790                MemManage_Handler
                0x00007790                SVC_Handler
                0x00007790                GPIOPortP2_IRQHandler
                0x00007790                GPIOPortQ4_IRQHandler
                0x00007790                Timer3B_IRQHandler
                0x00007790                Timer3A_IRQHandler
                0x00007790                GPIOPortA_IRQHandler
                0x00007790                ADC1Seq3_IRQHandler
                0x00007790                Timer0A_IRQHandler
                0x00007790                GPIOPortP1_IRQHandler
                0x00007790                ADCSeq0_IRQHandler
                0x00007790                Timer1A_IRQHandler
                0x00007790                GPIOPortG_IRQHandler
                0x00007790                WTimer3B_IRQHandler
                0x00007790                Fan0_IRQHandler
                0x00007790                GPIOPortQ3_IRQHandler
                0x00007790                GPIOPortQ1_IRQHandler
                0x00007790                Timer5B_IRQHandler
                0x00007790                ADCSeq3_IRQHandler
                0x00007790                GPIOPortE_IRQHandler
                0x00007790                WTimer4B_IRQHandler
                0x00007790                CAN0_IRQHandler
                0x00007790                GPIOPortQ0_IRQHandler
                0x00007790                Comp0_IRQHandler
                0x00007790                Comp1_IRQHandler
                0x00007790                Comp2_IRQHandler
                0x00007790                GPIOPortQ6_IRQHandler
                0x00007790                SSI2_IRQHandler
                0x00007790                PWM1Gen0_IRQHandler
                0x00007790                GPIOPortF_IRQHandler
                0x00007790                UART7_IRQHandler
                0x00007790                UART6_IRQHandler
                0x00007790                GPIOPortB_IRQHandler
                0x00007790                CAN2_IRQHandler
                0x00007790                GPIOPortH_IRQHandler
                0x00007790                GPIOPortQ2_IRQHandler
                0x00007790                GPIOPortR_IRQHandler
                0x00007790                Timer4B_IRQHandler
                0x00007790                BusFault_Handler
                0x00007790                WTimer4A_IRQHandler
                0x00007790                Timer2A_IRQHandler
                0x00007790                SSI3_IRQHandler
                0x00007790                Timer2B_IRQHandler
                0x00007790                GPIOPortN_IRQHandler
                0x00007790                UART3_IRQHandler
                0x00007790                SysCtrl_IRQHandler
                0x00007790                WTimer2A_IRQHandler
                0x00007790                Hibernate_IRQHandler
                0x00007790                PWM1Gen1_IRQHandler
 .text.Default_Reset_Handler
                0x00007794       0x60 ..\obj\startup_Cortex_M4.o
                0x00007794                Default_Reset_Handler
                0x00007794                Reset_Handler
 .text.CPUcpsid
                0x000077f4        0x8 ..\obj\cpu.o
                0x000077f4                CPUcpsid
 .text.CPUcpsie
                0x000077fc        0x8 ..\obj\cpu.o
                0x000077fc                CPUcpsie
 .text.USBDescGetNum
                0x00007804       0x30 ..\obj\usbdesc.o
                0x00007804                USBDescGetNum
 .text.USBDescGet
                0x00007834       0x34 ..\obj\usbdesc.o
                0x00007834                USBDescGet
 .text.uDMAChannelEnable
                0x00007868       0x14 ..\obj\udma.o
                0x00007868                uDMAChannelEnable
 .text.uDMAChannelDisable
                0x0000787c       0x14 ..\obj\udma.o
                0x0000787c                uDMAChannelDisable
 .text.uDMAChannelAttributeDisable
                0x00007890       0x50 ..\obj\udma.o
                0x00007890                uDMAChannelAttributeDisable
 .text.uDMAChannelControlSet
                0x000078e0       0x20 ..\obj\udma.o
                0x000078e0                uDMAChannelControlSet
 .text.uDMAChannelTransferSet
                0x00007900       0x80 ..\obj\udma.o
                0x00007900                uDMAChannelTransferSet
 .text.uDMAChannelModeGet
                0x00007980       0x24 ..\obj\udma.o
                0x00007980                uDMAChannelModeGet
 *(.init)
 *(.fini)
 *crtbegin.o(.ctors)
 *crtbegin?.o(.ctors)
 *(EXCLUDE_FILE(*crtend.o *crtend?.o) .ctors)
 *(SORT(.ctors.*))
 *(.ctors)
 *crtbegin.o(.dtors)
 *crtbegin?.o(.dtors)
 *(EXCLUDE_FILE(*crtend.o *crtend?.o) .dtors)
 *(SORT(.dtors.*))
 *(.dtors)
 *(.rodata*)
 .rodata        0x000079a4       0x34 ..\obj\usbdenum.o
 .rodata        0x000079d8       0xa0 ..\obj\timer.o
 .rodata        0x00007a78      0x1c4 ..\obj\sysctl.o
 .rodata        0x00007c3c      0x210 ..\obj\gpio.o
 .rodata        0x00007e4c      0x10c ..\obj\interrupt.o
 .rodata        0x00007f58       0xdc ..\obj\usb_serial_structs.o
                0x00007f58                g_ppui8StringDescriptors
                0x00007f70                g_pui8ConfigString
                0x00007fa8                g_pui8ControlInterfaceString
                0x00007fd4                g_pui8SerialNumberString
                0x00007fe8                g_pui8ProductString
                0x0000800c                g_pui8ManufacturerString
                0x00008030                g_pui8LangDescriptor
 .rodata        0x00008034       0x48 ..\obj\oneWire.o
                0x00008034                timerList
 .rodata        0x0000807c       0xdc ..\obj\usbdcdc.o
                0x0000807c                g_sCDCHandlers
                0x000080ac                g_pCDCCompSerConfigDescriptors
                0x000080b0                g_ppCDCSerConfigDescriptorsHS
                0x000080b4                g_pCDCCompSerConfigDescriptorsHS
                0x000080b8                g_ppCDCSerConfigDescriptors
                0x000080bc                g_sCDCCompSerConfigHeaderHS
                0x000080c4                g_sCDCCompSerConfigHeader
                0x000080cc                g_sCDCSerConfigHeaderHS
                0x000080d4                g_sCDCSerConfigHeader
                0x000080dc                g_sCDCSerDataInterfaceSectionHS
                0x000080e4                g_pui8CDCSerDataInterfaceHS
                0x000080fc                g_sCDCSerDataInterfaceSection
                0x00008104                g_pui8CDCSerDataInterface
                0x0000811c                g_sCDCSerCommInterfaceSection
                0x00008124                g_pui8CDCSerCommInterface
                0x00008148                g_sIADSerConfigSection
                0x00008150                g_sCDCSerConfigSection
 *(.eh_fram e*)

.glue_7         0x00008158        0x0
 .glue_7        0x00000000        0x0 linker stubs

.glue_7t        0x00008158        0x0
 .glue_7t       0x00000000        0x0 linker stubs

.vfp11_veneer   0x00008158        0x0
 .vfp11_veneer  0x00000000        0x0 linker stubs

.v4_bx          0x00008158        0x0
 .v4_bx         0x00000000        0x0 linker stubs

.iplt           0x00008158        0x0
 .iplt          0x00000000        0x0 ..\obj\hibernate.o

.rel.dyn        0x00008158        0x0
 .rel.iplt      0x00000000        0x0 ..\obj\hibernate.o

.ARM.extab
 *(.ARM.extab* .gnu.linkonce.armextab.*)
                0x00008158                __exidx_start = .

.ARM.exidx
 *(.ARM.exidx* .gnu.linkonce.armexidx.*)
                0x00008158                __exidx_end = .
                0x00008158                __etext = .
                0x00008158                _sidata = __etext

.data           0x20000000      0x578 load address 0x00008158
                0x20000000                __data_start__ = .
                0x20000000                _sdata = __data_start__
 *(vtable)
 vtable         0x20000000      0x400 ..\obj\interrupt.o
 *(.data*)
 .data          0x20000400        0x4 ..\obj\usbdenum.o
 .data          0x20000404        0x2 ..\obj\usbmode.o
                0x20000405                g_iUSBMode
 *fill*         0x20000406        0x2 
 .data          0x20000408       0x30 ..\obj\main.o
                0x20000408                HibReg
 .data          0x20000438        0x8 ..\obj\usbserial.o
 .data          0x20000440       0xd0 ..\obj\usb_serial_structs.o
                0x20000440                g_sTxBuffer
                0x20000478                g_sRxBuffer
                0x200004b0                g_sCDCDevice
 .data          0x20000510        0x4 ..\obj\oneWire.o
 .data          0x20000514       0x64 ..\obj\usbdcdc.o
                0x20000518                g_pui8CDCSerDeviceDescriptor
                0x2000052c                g_pui8CDCSerDescriptor
                0x20000538                g_psCDCCompSerSectionsHS
                0x20000548                g_psCDCCompSerSections
                0x20000558                g_psCDCSerSectionsHS
                0x20000564                g_psCDCSerSections
                0x20000570                g_pui8IADSerDescriptor
                0x20000578                . = ALIGN (0x4)
                0x20000578                PROVIDE (__preinit_array_start, .)
 *(.preinit_array)
                0x20000578                PROVIDE (__preinit_array_end, .)
                0x20000578                . = ALIGN (0x4)
                0x20000578                PROVIDE (__init_array_start, .)
 *(SORT(.init_array.*))
 *(.init_array)
                0x20000578                PROVIDE (__init_array_end, .)
                0x20000578                . = ALIGN (0x4)
                0x20000578                PROVIDE (__fini_array_start, .)
 *(SORT(.fini_array.*))
 *(.fini_array)
                0x20000578                PROVIDE (__fini_array_end, .)
 *(.jcr*)
                0x20000578                . = ALIGN (0x4)
                0x20000578                __data_end__ = .
                0x20000578                _edata = __data_end__

.igot.plt       0x20000578        0x0 load address 0x000086d0
 .igot.plt      0x00000000        0x0 ..\obj\hibernate.o

.bss            0x20000578      0xb6c load address 0x000086d0
                0x20000578                . = ALIGN (0x4)
                0x20000578                __bss_start__ = .
                0x20000578                _sbss = __bss_start__
 *(.bss*)
 .bss           0x20000578       0x24 ..\obj\datalogger.o
                0x20000590                USBTxData
 .bss           0x2000059c       0x48 ..\obj\usbdenum.o
 .bss           0x200005e4        0x8 ..\obj\usbmode.o
                0x200005e4                g_ui32WaitTicks
 .bss           0x200005ec      0x110 ..\obj\usbdma.o
 .bss           0x200006fc        0xc ..\obj\usbtick.o
                0x200006fc                g_bUSBTimerInitialized
                0x20000700                g_ui32CurrentUSBTick
                0x20000704                g_ui32USBSOFCount
 .bss           0x20000708       0x18 ..\obj\main.o
                0x20000708                USBDataloggingFlag
                0x2000070c                USBProcessDataFlag
                0x20000710                j
                0x20000714                FirstlineFlag
                0x20000718                USBStartLoggingFlag
                0x2000071c                i
 .bss           0x20000720        0x8 ..\obj\usbserial.o
                0x20000724                usb_counter
 *(COMMON)
 COMMON         0x20000728        0x8 ..\obj\delay.o
                0x20000728                _USDELAY_BASE
                0x2000072c                _MSDELAY_BASE
 COMMON         0x20000730       0x5e ..\obj\datalogger.o
                0x20000730                USBhrRaw
                0x20000734                GetHIHRaw
                0x20000738                TsMSB
                0x2000073c                ulPeriod
                0x20000740                oneWirePort
                0x2000074c                TsLSB
                0x20000750                allRoms
                0x20000788                USBTbsRaw
                0x2000078a                hr
                0x2000078c                Tbs
 *fill*         0x2000078e        0x2 
 COMMON         0x20000790       0x54 ..\obj\usbdenum.o
                0x20000790                g_psDCDInst
                0x200007e0                g_ppsDevInfo
 COMMON         0x200007e4       0x30 ..\obj\usbtick.o
                0x200007e4                g_pvTickInstance
                0x200007fc                g_pfnTickHandlers
 COMMON         0x20000814      0x6cc ..\obj\main.o
                0x20000814                SD_Read
                0x20000818                PeriodBytes
                0x2000081c                fno
                0x20000834                FatFs
                0x20000a6c                line
                0x20000c6c                br
                0x20000c70                SWRead
                0x20000c74                GPIOIntState
                0x20000c78                dir_time
                0x20000c80                dir_date
                0x20000c8c                filesize
                0x20000c90                usbdate
                0x20000c9c                usbtime
                0x20000ca5                fr
                0x20000ca8                dir
                0x20000cac                RxDataFrame
                0x20000cb8                ulStatus
                0x20000cbc                fil
 COMMON         0x20000ee0      0x200 ..\obj\usb_serial_structs.o
                0x20000ee0                g_pui8USBRxBuffer
                0x20000fe0                g_pui8USBTxBuffer
 COMMON         0x200010e0        0x2 ..\obj\oneWire.o
                0x200010e0                usedTimer
                0x200010e4                . = ALIGN (0x4)
 *fill*         0x200010e2        0x2 
                0x200010e4                __bss_end__ = .
                0x200010e4                _ebss = __bss_end__

.heap           0x200010e4        0x0
                0x200010e4                __end__ = .
                0x200010e4                _end = __end__
                0x200010e4                end = __end__
 *(.heap*)
                0x200010e4                __HeapLimit = .

.co_stack       0x200010e4     0x2404 load address 0x0000923c
                0x200010e8                . = ALIGN (0x8)
 *fill*         0x200010e4        0x4 
 *(.co_stack .co_stack.*)
 .co_stack      0x200010e8     0x2400 ..\obj\startup_Cortex_M4.o
                0x200010e8                pulStack
                0x20008000                __StackTop = (ORIGIN (ram) + 0x8000)
                0x20005bfc                __StackLimit = (__StackTop - SIZEOF (.co_stack))
                0x20008000                PROVIDE (__stack, __StackTop)
                0x00000001                ASSERT ((__StackLimit >= __HeapLimit), region ram  overflowed with stack)
LOAD ..\obj\hibernate.o
LOAD ..\obj\delay.o
LOAD ..\obj\datalogger.o
LOAD ..\obj\usbdhidgamepad.o
LOAD ..\obj\i2c.o
LOAD ..\obj\usbdenum.o
LOAD ..\obj\usbhhub.o
LOAD ..\obj\usbhmsc.o
LOAD ..\obj\usbdcdesc.o
LOAD ..\obj\usbddfu-rt.o
LOAD ..\obj\flash.o
LOAD ..\obj\timer.o
LOAD ..\obj\usbdaudio.o
LOAD ..\obj\usbkeyboardmap.o
LOAD ..\obj\emac.o
LOAD ..\obj\usbdconfig.o
LOAD ..\obj\pwm.o
LOAD ..\obj\usbbuffer.o
LOAD ..\obj\usbmode.o
LOAD ..\obj\uart.o
LOAD ..\obj\usbdhid.o
LOAD ..\obj\usbulpi.o
LOAD ..\obj\usbdma.o
LOAD ..\obj\fpu.o
LOAD ..\obj\usbdcomp.o
LOAD ..\obj\sw_crc.o
LOAD ..\obj\usbtick.o
LOAD ..\obj\epi.o
LOAD ..\obj\main.o
LOAD ..\obj\sysctl.o
LOAD ..\obj\usb.o
LOAD ..\obj\usbhhidmouse.o
LOAD ..\obj\usbdhandler.o
LOAD ..\obj\usbhaudio.o
LOAD ..\obj\shamd5.o
LOAD ..\obj\can.o
LOAD ..\obj\watchdog.o
LOAD ..\obj\comp.o
LOAD ..\obj\gpio.o
LOAD ..\obj\aes.o
LOAD ..\obj\usbserial.o
LOAD ..\obj\leds.o
LOAD ..\obj\crc.o
LOAD ..\obj\usbhhidkeyboard.o
LOAD ..\obj\interrupt.o
LOAD ..\obj\usbdhidkeyb.o
LOAD ..\obj\usbhostenum.o
LOAD ..\obj\mpu.o
LOAD ..\obj\usbhhid.o
LOAD ..\obj\syscalls.o
LOAD ..\obj\ssi.o
LOAD ..\obj\adc.o
LOAD ..\obj\usbhscsi.o
LOAD ..\obj\usb_serial_structs.o
LOAD ..\obj\usbdmsc.o
LOAD ..\obj\ff.o
LOAD ..\obj\oneWire.o
LOAD ..\obj\usbdcdc.o
LOAD ..\obj\lcd.o
LOAD ..\obj\qei.o
LOAD ..\obj\mmc-dk-tm4c123g.o
LOAD ..\obj\sysexc.o
LOAD ..\obj\usbringbuf.o
LOAD ..\obj\startup_Cortex_M4.o
LOAD ..\obj\cpu.o
LOAD ..\obj\usbdesc.o
LOAD ..\obj\usbdhidmouse.o
LOAD ..\obj\systick.o
LOAD ..\obj\udma.o
LOAD ..\obj\usbdbulk.o
LOAD ..\obj\des.o
LOAD ..\obj\eeprom.o
LOAD c:/program files (x86)/gnu tools arm embedded/4.9 2015q1/bin/../lib/gcc/arm-none-eabi/4.9.3/../../../../arm-none-eabi/lib/armv7e-m/fpu\libm.a
LOAD c:/program files (x86)/gnu tools arm embedded/4.9 2015q1/bin/../lib/gcc/arm-none-eabi/4.9.3/armv7e-m/fpu\libgcc.a
LOAD c:/program files (x86)/gnu tools arm embedded/4.9 2015q1/bin/../lib/gcc/arm-none-eabi/4.9.3/../../../../arm-none-eabi/lib/armv7e-m/fpu\libc.a
START GROUP
LOAD c:/program files (x86)/gnu tools arm embedded/4.9 2015q1/bin/../lib/gcc/arm-none-eabi/4.9.3/armv7e-m/fpu\libgcc.a
LOAD c:/program files (x86)/gnu tools arm embedded/4.9 2015q1/bin/../lib/gcc/arm-none-eabi/4.9.3/../../../../arm-none-eabi/lib/armv7e-m/fpu\libg.a
LOAD c:/program files (x86)/gnu tools arm embedded/4.9 2015q1/bin/../lib/gcc/arm-none-eabi/4.9.3/../../../../arm-none-eabi/lib/armv7e-m/fpu\libc.a
END GROUP
OUTPUT(Test052 - USBv3.elf elf32-littlearm)

.debug_info     0x00000000    0x1b89c
 .debug_info    0x00000000      0x10c ..\obj\delay.o
 .debug_info    0x0000010c     0x4403 ..\obj\datalogger.o
 .debug_info    0x0000450f      0xcd2 ..\obj\i2c.o
 .debug_info    0x000051e1     0x23ce ..\obj\usbdenum.o
 .debug_info    0x000075af      0x710 ..\obj\usbdcdesc.o
 .debug_info    0x00007cbf      0xb80 ..\obj\timer.o
 .debug_info    0x0000883f      0xbc2 ..\obj\usbdconfig.o
 .debug_info    0x00009401      0xc20 ..\obj\usbbuffer.o
 .debug_info    0x0000a021     0x1012 ..\obj\usbmode.o
 .debug_info    0x0000b033      0x20c ..\obj\usbulpi.o
 .debug_info    0x0000b23f     0x10aa ..\obj\usbdma.o
 .debug_info    0x0000c2e9      0x165 ..\obj\fpu.o
 .debug_info    0x0000c44e      0x1f1 ..\obj\usbtick.o
 .debug_info    0x0000c63f      0x9b1 ..\obj\main.o
 .debug_info    0x0000cff0      0xc52 ..\obj\sysctl.o
 .debug_info    0x0000dc42     0x1d04 ..\obj\usb.o
 .debug_info    0x0000f946       0xff ..\obj\usbdhandler.o
 .debug_info    0x0000fa45     0x13cc ..\obj\gpio.o
 .debug_info    0x00010e11      0xcc7 ..\obj\usbserial.o
 .debug_info    0x00011ad8      0x4bf ..\obj\interrupt.o
 .debug_info    0x00011f97      0x74c ..\obj\ssi.o
 .debug_info    0x000126e3      0x8eb ..\obj\usb_serial_structs.o
 .debug_info    0x00012fce     0x54bb ..\obj\oneWire.o
 .debug_info    0x00018489     0x1fa3 ..\obj\usbdcdc.o
 .debug_info    0x0001a42c      0x601 ..\obj\usbringbuf.o
 .debug_info    0x0001aa2d      0x154 ..\obj\startup_Cortex_M4.o
 .debug_info    0x0001ab81      0x147 ..\obj\cpu.o
 .debug_info    0x0001acc8      0x542 ..\obj\usbdesc.o
 .debug_info    0x0001b20a      0x692 ..\obj\udma.o

.debug_abbrev   0x00000000     0x34f4
 .debug_abbrev  0x00000000       0x94 ..\obj\delay.o
 .debug_abbrev  0x00000094      0x40b ..\obj\datalogger.o
 .debug_abbrev  0x0000049f      0x18f ..\obj\i2c.o
 .debug_abbrev  0x0000062e      0x367 ..\obj\usbdenum.o
 .debug_abbrev  0x00000995      0x1cf ..\obj\usbdcdesc.o
 .debug_abbrev  0x00000b64      0x1a7 ..\obj\timer.o
 .debug_abbrev  0x00000d0b      0x264 ..\obj\usbdconfig.o
 .debug_abbrev  0x00000f6f      0x265 ..\obj\usbbuffer.o
 .debug_abbrev  0x000011d4      0x2f9 ..\obj\usbmode.o
 .debug_abbrev  0x000014cd       0xbe ..\obj\usbulpi.o
 .debug_abbrev  0x0000158b      0x236 ..\obj\usbdma.o
 .debug_abbrev  0x000017c1       0x9d ..\obj\fpu.o
 .debug_abbrev  0x0000185e      0x115 ..\obj\usbtick.o
 .debug_abbrev  0x00001973      0x195 ..\obj\main.o
 .debug_abbrev  0x00001b08      0x21f ..\obj\sysctl.o
 .debug_abbrev  0x00001d27      0x1dc ..\obj\usb.o
 .debug_abbrev  0x00001f03       0xaf ..\obj\usbdhandler.o
 .debug_abbrev  0x00001fb2      0x175 ..\obj\gpio.o
 .debug_abbrev  0x00002127      0x2eb ..\obj\usbserial.o
 .debug_abbrev  0x00002412      0x160 ..\obj\interrupt.o
 .debug_abbrev  0x00002572      0x18f ..\obj\ssi.o
 .debug_abbrev  0x00002701       0xf7 ..\obj\usb_serial_structs.o
 .debug_abbrev  0x000027f8      0x3ad ..\obj\oneWire.o
 .debug_abbrev  0x00002ba5      0x2d8 ..\obj\usbdcdc.o
 .debug_abbrev  0x00002e7d      0x1a4 ..\obj\usbringbuf.o
 .debug_abbrev  0x00003021       0xf3 ..\obj\startup_Cortex_M4.o
 .debug_abbrev  0x00003114       0xc6 ..\obj\cpu.o
 .debug_abbrev  0x000031da      0x154 ..\obj\usbdesc.o
 .debug_abbrev  0x0000332e      0x1c6 ..\obj\udma.o

.debug_loc      0x00000000     0xde02
 .debug_loc     0x00000000       0x42 ..\obj\delay.o
 .debug_loc     0x00000042     0x11cf ..\obj\datalogger.o
 .debug_loc     0x00001211      0x67f ..\obj\i2c.o
 .debug_loc     0x00001890     0x1065 ..\obj\usbdenum.o
 .debug_loc     0x000028f5      0x65b ..\obj\usbdcdesc.o
 .debug_loc     0x00002f50      0x77a ..\obj\timer.o
 .debug_loc     0x000036ca      0x588 ..\obj\usbdconfig.o
 .debug_loc     0x00003c52      0x978 ..\obj\usbbuffer.o
 .debug_loc     0x000045ca      0x30b ..\obj\usbmode.o
 .debug_loc     0x000048d5      0x10d ..\obj\usbulpi.o
 .debug_loc     0x000049e2      0xb87 ..\obj\usbdma.o
 .debug_loc     0x00005569       0x84 ..\obj\fpu.o
 .debug_loc     0x000055ed       0x97 ..\obj\usbtick.o
 .debug_loc     0x00005684      0xca9 ..\obj\sysctl.o
 .debug_loc     0x0000632d     0x1ecd ..\obj\usb.o
 .debug_loc     0x000081fa       0x1e ..\obj\usbdhandler.o
 .debug_loc     0x00008218      0xc2c ..\obj\gpio.o
 .debug_loc     0x00008e44      0x2e9 ..\obj\usbserial.o
 .debug_loc     0x0000912d      0x327 ..\obj\interrupt.o
 .debug_loc     0x00009454      0x4e1 ..\obj\ssi.o
 .debug_loc     0x00009935     0x1e7c ..\obj\oneWire.o
 .debug_loc     0x0000b7b1     0x158a ..\obj\usbdcdc.o
 .debug_loc     0x0000cd3b      0x4bd ..\obj\usbringbuf.o
 .debug_loc     0x0000d1f8       0x2b ..\obj\startup_Cortex_M4.o
 .debug_loc     0x0000d223      0x57c ..\obj\usbdesc.o
 .debug_loc     0x0000d79f      0x663 ..\obj\udma.o

.debug_aranges  0x00000000     0x15d0
 .debug_aranges
                0x00000000       0x28 ..\obj\delay.o
 .debug_aranges
                0x00000028      0x190 ..\obj\datalogger.o
 .debug_aranges
                0x000001b8      0x1d0 ..\obj\i2c.o
 .debug_aranges
                0x00000388      0x108 ..\obj\usbdenum.o
 .debug_aranges
                0x00000490       0x50 ..\obj\usbdcdesc.o
 .debug_aranges
                0x000004e0      0x150 ..\obj\timer.o
 .debug_aranges
                0x00000630       0x30 ..\obj\usbdconfig.o
 .debug_aranges
                0x00000660       0x80 ..\obj\usbbuffer.o
 .debug_aranges
                0x000006e0       0x78 ..\obj\usbmode.o
 .debug_aranges
                0x00000758       0x28 ..\obj\usbulpi.o
 .debug_aranges
                0x00000780       0xf8 ..\obj\usbdma.o
 .debug_aranges
                0x00000878       0x60 ..\obj\fpu.o
 .debug_aranges
                0x000008d8       0x38 ..\obj\usbtick.o
 .debug_aranges
                0x00000910       0x28 ..\obj\main.o
 .debug_aranges
                0x00000938      0x1d8 ..\obj\sysctl.o
 .debug_aranges
                0x00000b10      0x340 ..\obj\usb.o
 .debug_aranges
                0x00000e50       0x20 ..\obj\usbdhandler.o
 .debug_aranges
                0x00000e70      0x190 ..\obj\gpio.o
 .debug_aranges
                0x00001000       0x58 ..\obj\usbserial.o
 .debug_aranges
                0x00001058       0xa0 ..\obj\interrupt.o
 .debug_aranges
                0x000010f8       0xd8 ..\obj\ssi.o
 .debug_aranges
                0x000011d0       0x18 ..\obj\usb_serial_structs.o
 .debug_aranges
                0x000011e8       0xa8 ..\obj\oneWire.o
 .debug_aranges
                0x00001290      0x110 ..\obj\usbdcdc.o
 .debug_aranges
                0x000013a0       0x98 ..\obj\usbringbuf.o
 .debug_aranges
                0x00001438       0x28 ..\obj\startup_Cortex_M4.o
 .debug_aranges
                0x00001460       0x48 ..\obj\cpu.o
 .debug_aranges
                0x000014a8       0x40 ..\obj\usbdesc.o
 .debug_aranges
                0x000014e8       0xe8 ..\obj\udma.o

.debug_ranges   0x00000000     0x1618
 .debug_ranges  0x00000000       0x18 ..\obj\delay.o
 .debug_ranges  0x00000018      0x1b0 ..\obj\datalogger.o
 .debug_ranges  0x000001c8      0x1c0 ..\obj\i2c.o
 .debug_ranges  0x00000388      0x118 ..\obj\usbdenum.o
 .debug_ranges  0x000004a0       0x40 ..\obj\usbdcdesc.o
 .debug_ranges  0x000004e0      0x140 ..\obj\timer.o
 .debug_ranges  0x00000620       0x70 ..\obj\usbdconfig.o
 .debug_ranges  0x00000690       0x70 ..\obj\usbbuffer.o
 .debug_ranges  0x00000700       0x68 ..\obj\usbmode.o
 .debug_ranges  0x00000768       0x18 ..\obj\usbulpi.o
 .debug_ranges  0x00000780       0xe8 ..\obj\usbdma.o
 .debug_ranges  0x00000868       0x50 ..\obj\fpu.o
 .debug_ranges  0x000008b8       0x28 ..\obj\usbtick.o
 .debug_ranges  0x000008e0       0x18 ..\obj\main.o
 .debug_ranges  0x000008f8      0x1c8 ..\obj\sysctl.o
 .debug_ranges  0x00000ac0      0x330 ..\obj\usb.o
 .debug_ranges  0x00000df0       0x10 ..\obj\usbdhandler.o
 .debug_ranges  0x00000e00      0x180 ..\obj\gpio.o
 .debug_ranges  0x00000f80       0x48 ..\obj\usbserial.o
 .debug_ranges  0x00000fc8       0x90 ..\obj\interrupt.o
 .debug_ranges  0x00001058       0xc8 ..\obj\ssi.o
 .debug_ranges  0x00001120      0x218 ..\obj\oneWire.o
 .debug_ranges  0x00001338      0x100 ..\obj\usbdcdc.o
 .debug_ranges  0x00001438       0x88 ..\obj\usbringbuf.o
 .debug_ranges  0x000014c0       0x18 ..\obj\startup_Cortex_M4.o
 .debug_ranges  0x000014d8       0x38 ..\obj\cpu.o
 .debug_ranges  0x00001510       0x30 ..\obj\usbdesc.o
 .debug_ranges  0x00001540       0xd8 ..\obj\udma.o

.debug_line     0x00000000     0x73f0
 .debug_line    0x00000000      0x183 ..\obj\delay.o
 .debug_line    0x00000183      0x9ae ..\obj\datalogger.o
 .debug_line    0x00000b31      0x5a8 ..\obj\i2c.o
 .debug_line    0x000010d9      0x6b7 ..\obj\usbdenum.o
 .debug_line    0x00001790      0x265 ..\obj\usbdcdesc.o
 .debug_line    0x000019f5      0x524 ..\obj\timer.o
 .debug_line    0x00001f19      0x31b ..\obj\usbdconfig.o
 .debug_line    0x00002234      0x2ba ..\obj\usbbuffer.o
 .debug_line    0x000024ee      0x3d6 ..\obj\usbmode.o
 .debug_line    0x000028c4      0x18d ..\obj\usbulpi.o
 .debug_line    0x00002a51      0x507 ..\obj\usbdma.o
 .debug_line    0x00002f58      0x1bd ..\obj\fpu.o
 .debug_line    0x00003115      0x1a0 ..\obj\usbtick.o
 .debug_line    0x000032b5      0x278 ..\obj\main.o
 .debug_line    0x0000352d      0x70a ..\obj\sysctl.o
 .debug_line    0x00003c37      0xa7f ..\obj\usb.o
 .debug_line    0x000046b6      0x1bc ..\obj\usbdhandler.o
 .debug_line    0x00004872      0x570 ..\obj\gpio.o
 .debug_line    0x00004de2      0x2dd ..\obj\usbserial.o
 .debug_line    0x000050bf      0x2cb ..\obj\interrupt.o
 .debug_line    0x0000538a      0x33f ..\obj\ssi.o
 .debug_line    0x000056c9      0x1d5 ..\obj\usb_serial_structs.o
 .debug_line    0x0000589e      0xa20 ..\obj\oneWire.o
 .debug_line    0x000062be      0x5ce ..\obj\usbdcdc.o
 .debug_line    0x0000688c      0x2ed ..\obj\usbringbuf.o
 .debug_line    0x00006b79      0x165 ..\obj\startup_Cortex_M4.o
 .debug_line    0x00006cde      0x193 ..\obj\cpu.o
 .debug_line    0x00006e71      0x1f8 ..\obj\usbdesc.o
 .debug_line    0x00007069      0x387 ..\obj\udma.o

.debug_str      0x00000000     0x5e7a
 .debug_str     0x00000000      0x1b3 ..\obj\delay.o
                                0x1f0 (size before relaxing)
 .debug_str     0x000001b3      0xcac ..\obj\datalogger.o
                                0xf1b (size before relaxing)
 .debug_str     0x00000e5f      0x4d8 ..\obj\i2c.o
                                0x706 (size before relaxing)
 .debug_str     0x00001337      0xfd5 ..\obj\usbdenum.o
                               0x11c6 (size before relaxing)
 .debug_str     0x0000230c      0x1ca ..\obj\usbdcdesc.o
                                0x4c0 (size before relaxing)
 .debug_str     0x000024d6      0x3a6 ..\obj\timer.o
                                0x5b5 (size before relaxing)
 .debug_str     0x0000287c      0x154 ..\obj\usbdconfig.o
                                0x829 (size before relaxing)
 .debug_str     0x000029d0      0x3e9 ..\obj\usbbuffer.o
                                0x590 (size before relaxing)
 .debug_str     0x00002db9      0x344 ..\obj\usbmode.o
                                0x993 (size before relaxing)
 .debug_str     0x000030fd       0x76 ..\obj\usbulpi.o
                                0x1ef (size before relaxing)
 .debug_str     0x00003173      0x4c6 ..\obj\usbdma.o
                                0x84e (size before relaxing)
 .debug_str     0x00003639       0xc3 ..\obj\fpu.o
                                0x219 (size before relaxing)
 .debug_str     0x000036fc       0xcf ..\obj\usbtick.o
                                0x299 (size before relaxing)
 .debug_str     0x000037cb      0x128 ..\obj\main.o
                                0x5aa (size before relaxing)
 .debug_str     0x000038f3      0x60f ..\obj\sysctl.o
                                0x88e (size before relaxing)
 .debug_str     0x00003f02      0x4eb ..\obj\usb.o
                                0xbbf (size before relaxing)
 .debug_str     0x000043ed       0x5b ..\obj\usbdhandler.o
                                0x1dc (size before relaxing)
 .debug_str     0x00004448      0x3f9 ..\obj\gpio.o
                                0x6c5 (size before relaxing)
 .debug_str     0x00004841      0x375 ..\obj\usbserial.o
                                0x9c1 (size before relaxing)
 .debug_str     0x00004bb6      0x1d9 ..\obj\interrupt.o
                                0x3b5 (size before relaxing)
 .debug_str     0x00004d8f      0x246 ..\obj\ssi.o
                                0x4a1 (size before relaxing)
 .debug_str     0x00004fd5      0x107 ..\obj\usb_serial_structs.o
                                0x85c (size before relaxing)
 .debug_str     0x000050dc      0x17b ..\obj\oneWire.o
                                0x513 (size before relaxing)
 .debug_str     0x00005257      0x65f ..\obj\usbdcdc.o
                               0x1010 (size before relaxing)
 .debug_str     0x000058b6       0xde ..\obj\usbringbuf.o
                                0x38f (size before relaxing)
 .debug_str     0x00005994       0xb1 ..\obj\startup_Cortex_M4.o
                                0x1f6 (size before relaxing)
 .debug_str     0x00005a45       0x54 ..\obj\cpu.o
                                0x1c8 (size before relaxing)
 .debug_str     0x00005a99       0xb7 ..\obj\usbdesc.o
                                0x3fc (size before relaxing)
 .debug_str     0x00005b50      0x32a ..\obj\udma.o
                                0x538 (size before relaxing)

.comment        0x00000000       0x70
 .comment       0x00000000       0x70 ..\obj\delay.o
                                 0x71 (size before relaxing)
 .comment       0x00000000       0x71 ..\obj\datalogger.o
 .comment       0x00000000       0x71 ..\obj\i2c.o
 .comment       0x00000000       0x71 ..\obj\usbdenum.o
 .comment       0x00000000       0x71 ..\obj\usbdcdesc.o
 .comment       0x00000000       0x71 ..\obj\timer.o
 .comment       0x00000000       0x71 ..\obj\usbdconfig.o
 .comment       0x00000000       0x71 ..\obj\usbbuffer.o
 .comment       0x00000000       0x71 ..\obj\usbmode.o
 .comment       0x00000000       0x71 ..\obj\usbulpi.o
 .comment       0x00000000       0x71 ..\obj\usbdma.o
 .comment       0x00000000       0x71 ..\obj\fpu.o
 .comment       0x00000000       0x71 ..\obj\usbtick.o
 .comment       0x00000000       0x71 ..\obj\main.o
 .comment       0x00000000       0x71 ..\obj\sysctl.o
 .comment       0x00000000       0x71 ..\obj\usb.o
 .comment       0x00000000       0x71 ..\obj\usbdhandler.o
 .comment       0x00000000       0x71 ..\obj\gpio.o
 .comment       0x00000000       0x71 ..\obj\usbserial.o
 .comment       0x00000000       0x71 ..\obj\interrupt.o
 .comment       0x00000000       0x71 ..\obj\ssi.o
 .comment       0x00000000       0x71 ..\obj\usb_serial_structs.o
 .comment       0x00000000       0x71 ..\obj\oneWire.o
 .comment       0x00000000       0x71 ..\obj\usbdcdc.o
 .comment       0x00000000       0x71 ..\obj\usbringbuf.o
 .comment       0x00000000       0x71 ..\obj\startup_Cortex_M4.o
 .comment       0x00000000       0x71 ..\obj\cpu.o
 .comment       0x00000000       0x71 ..\obj\usbdesc.o
 .comment       0x00000000       0x71 ..\obj\udma.o

.ARM.attributes
                0x00000000       0x39
 .ARM.attributes
                0x00000000       0x39 ..\obj\delay.o
 .ARM.attributes
                0x00000039       0x39 ..\obj\datalogger.o
 .ARM.attributes
                0x00000072       0x39 ..\obj\i2c.o
 .ARM.attributes
                0x000000ab       0x39 ..\obj\usbdenum.o
 .ARM.attributes
                0x000000e4       0x39 ..\obj\usbdcdesc.o
 .ARM.attributes
                0x0000011d       0x39 ..\obj\timer.o
 .ARM.attributes
                0x00000156       0x39 ..\obj\usbdconfig.o
 .ARM.attributes
                0x0000018f       0x39 ..\obj\usbbuffer.o
 .ARM.attributes
                0x000001c8       0x39 ..\obj\usbmode.o
 .ARM.attributes
                0x00000201       0x39 ..\obj\usbulpi.o
 .ARM.attributes
                0x0000023a       0x39 ..\obj\usbdma.o
 .ARM.attributes
                0x00000273       0x39 ..\obj\fpu.o
 .ARM.attributes
                0x000002ac       0x39 ..\obj\usbtick.o
 .ARM.attributes
                0x000002e5       0x39 ..\obj\main.o
 .ARM.attributes
                0x0000031e       0x39 ..\obj\sysctl.o
 .ARM.attributes
                0x00000357       0x39 ..\obj\usb.o
 .ARM.attributes
                0x00000390       0x39 ..\obj\usbdhandler.o
 .ARM.attributes
                0x000003c9       0x39 ..\obj\gpio.o
 .ARM.attributes
                0x00000402       0x39 ..\obj\usbserial.o
 .ARM.attributes
                0x0000043b       0x39 ..\obj\interrupt.o
 .ARM.attributes
                0x00000474       0x39 ..\obj\ssi.o
 .ARM.attributes
                0x000004ad       0x39 ..\obj\usb_serial_structs.o
 .ARM.attributes
                0x000004e6       0x39 ..\obj\oneWire.o
 .ARM.attributes
                0x0000051f       0x39 ..\obj\usbdcdc.o
 .ARM.attributes
                0x00000558       0x39 ..\obj\usbringbuf.o
 .ARM.attributes
                0x00000591       0x39 ..\obj\startup_Cortex_M4.o
 .ARM.attributes
                0x000005ca       0x39 ..\obj\cpu.o
 .ARM.attributes
                0x00000603       0x39 ..\obj\usbdesc.o
 .ARM.attributes
                0x0000063c       0x39 ..\obj\udma.o

.debug_frame    0x00000000     0x365c
 .debug_frame   0x00000000       0x40 ..\obj\delay.o
 .debug_frame   0x00000040      0x594 ..\obj\datalogger.o
 .debug_frame   0x000005d4      0x3bc ..\obj\i2c.o
 .debug_frame   0x00000990      0x320 ..\obj\usbdenum.o
 .debug_frame   0x00000cb0       0xf8 ..\obj\usbdcdesc.o
 .debug_frame   0x00000da8      0x2d8 ..\obj\timer.o
 .debug_frame   0x00001080       0x84 ..\obj\usbdconfig.o
 .debug_frame   0x00001104      0x150 ..\obj\usbbuffer.o
 .debug_frame   0x00001254      0x158 ..\obj\usbmode.o
 .debug_frame   0x000013ac       0x44 ..\obj\usbulpi.o
 .debug_frame   0x000013f0      0x2e4 ..\obj\usbdma.o
 .debug_frame   0x000016d4       0xa0 ..\obj\fpu.o
 .debug_frame   0x00001774       0x6c ..\obj\usbtick.o
 .debug_frame   0x000017e0       0x44 ..\obj\main.o
 .debug_frame   0x00001824      0x3e8 ..\obj\sysctl.o
 .debug_frame   0x00001c0c      0x6ec ..\obj\usb.o
 .debug_frame   0x000022f8       0x28 ..\obj\usbdhandler.o
 .debug_frame   0x00002320      0x4bc ..\obj\gpio.o
 .debug_frame   0x000027dc       0xbc ..\obj\usbserial.o
 .debug_frame   0x00002898      0x15c ..\obj\interrupt.o
 .debug_frame   0x000029f4      0x1b0 ..\obj\ssi.o
 .debug_frame   0x00002ba4      0x294 ..\obj\oneWire.o
 .debug_frame   0x00002e38      0x344 ..\obj\usbdcdc.o
 .debug_frame   0x0000317c      0x188 ..\obj\usbringbuf.o
 .debug_frame   0x00003304       0x38 ..\obj\startup_Cortex_M4.o
 .debug_frame   0x0000333c       0x70 ..\obj\cpu.o
 .debug_frame   0x000033ac       0xc4 ..\obj\usbdesc.o
 .debug_frame   0x00003470      0x1ec ..\obj\udma.o
